{
  "version": "1.5.0",
  "plugins_used": [
    {
      "name": "ArtifactoryDetector"
    },
    {
      "name": "AWSKeyDetector"
    },
    {
      "name": "AzureStorageKeyDetector"
    },
    {
      "name": "Base64HighEntropyString",
      "limit": 4.5
    },
    {
      "name": "BasicAuthDetector"
    },
    {
      "name": "CloudantDetector"
    },
    {
      "name": "DiscordBotTokenDetector"
    },
    {
      "name": "GitHubTokenDetector"
    },
    {
      "name": "GitLabTokenDetector"
    },
    {
      "name": "HexHighEntropyString",
      "limit": 3.0
    },
    {
      "name": "IbmCloudIamDetector"
    },
    {
      "name": "IbmCosHmacDetector"
    },
    {
      "name": "IPPublicDetector"
    },
    {
      "name": "JwtTokenDetector"
    },
    {
      "name": "KeywordDetector",
      "keyword_exclude": ""
    },
    {
      "name": "MailchimpDetector"
    },
    {
      "name": "NpmDetector"
    },
    {
      "name": "OpenAIDetector"
    },
    {
      "name": "PrivateKeyDetector"
    },
    {
      "name": "PypiTokenDetector"
    },
    {
      "name": "SendGridDetector"
    },
    {
      "name": "SlackDetector"
    },
    {
      "name": "SoftlayerDetector"
    },
    {
      "name": "SquareOAuthDetector"
    },
    {
      "name": "StripeDetector"
    },
    {
      "name": "TelegramBotTokenDetector"
    },
    {
      "name": "TwilioKeyDetector"
    }
  ],
  "filters_used": [
    {
      "path": "detect_secrets.filters.allowlist.is_line_allowlisted"
    },
    {
      "path": "detect_secrets.filters.common.is_baseline_file",
      "filename": ".secrets.baseline"
    },
    {
      "path": "detect_secrets.filters.common.is_ignored_due_to_verification_policies",
      "min_level": 2
    },
    {
      "path": "detect_secrets.filters.heuristic.is_indirect_reference"
    },
    {
      "path": "detect_secrets.filters.heuristic.is_likely_id_string"
    },
    {
      "path": "detect_secrets.filters.heuristic.is_lock_file"
    },
    {
      "path": "detect_secrets.filters.heuristic.is_not_alphanumeric_string"
    },
    {
      "path": "detect_secrets.filters.heuristic.is_potential_uuid"
    },
    {
      "path": "detect_secrets.filters.heuristic.is_prefixed_with_dollar_sign"
    },
    {
      "path": "detect_secrets.filters.heuristic.is_sequential_string"
    },
    {
      "path": "detect_secrets.filters.heuristic.is_swagger_file"
    },
    {
      "path": "detect_secrets.filters.heuristic.is_templated_secret"
    }
  ],
  "results": {
    "eval\\experiments\\rag06-freeze.json": [
      {
        "type": "Hex High Entropy String",
        "filename": "eval\\experiments\\rag06-freeze.json",
        "hashed_secret": "7e77e3b9ab755536e2856e9731bd69780c4a3dbc",
        "is_verified": false,
        "line_number": 159
      },
      {
        "type": "Hex High Entropy String",
        "filename": "eval\\experiments\\rag06-freeze.json",
        "hashed_secret": "e89968784f4efe6d789b2a4a4896480efbd88838",
        "is_verified": false,
        "line_number": 163
      },
      {
        "type": "Hex High Entropy String",
        "filename": "eval\\experiments\\rag06-freeze.json",
        "hashed_secret": "7fc9048d474550848935937d3bd03ed660b1baeb",
        "is_verified": false,
        "line_number": 165
      },
      {
        "type": "Hex High Entropy String",
        "filename": "eval\\experiments\\rag06-freeze.json",
        "hashed_secret": "62ec775b3da56289462b909ed03d6b1e631572a7",
        "is_verified": false,
        "line_number": 167
      },
      {
        "type": "Hex High Entropy String",
        "filename": "eval\\experiments\\rag06-freeze.json",
        "hashed_secret": "f5bc0ff7b7ea234052ffb372c2489176e30ac6a1",
        "is_verified": false,
        "line_number": 168
      },
      {
        "type": "Hex High Entropy String",
        "filename": "eval\\experiments\\rag06-freeze.json",
        "hashed_secret": "c2c2527fb05b31f230193917f7c82c23e48492f8",
        "is_verified": false,
        "line_number": 169
      }
    ],
    "eval\\experiments\\rag06-heldout-receipt.json": [
      {
        "type": "Hex High Entropy String",
        "filename": "eval\\experiments\\rag06-heldout-receipt.json",
        "hashed_secret": "b98e99cc76d2d64142bdfd806249e9903b1829bc",
        "is_verified": false,
        "line_number": 5
      },
      {
        "type": "Hex High Entropy String",
        "filename": "eval\\experiments\\rag06-heldout-receipt.json",
        "hashed_secret": "353bc5799d1c210ec30e6715fde9e201a75484ba",
        "is_verified": false,
        "line_number": 7
      },
      {
        "type": "Hex High Entropy String",
        "filename": "eval\\experiments\\rag06-heldout-receipt.json",
        "hashed_secret": "7fc9048d474550848935937d3bd03ed660b1baeb",
        "is_verified": false,
        "line_number": 10
      }
    ],
    "models\\manifests\\all-MiniLM-L6-v2.json": [
      {
        "type": "Hex High Entropy String",
        "filename": "models\\manifests\\all-MiniLM-L6-v2.json",
        "hashed_secret": "00d9f4e0808dbd6a8c3d74873c6f71efe1e68d89",
        "is_verified": false,
        "line_number": 3
      },
      {
        "type": "Hex High Entropy String",
        "filename": "models\\manifests\\all-MiniLM-L6-v2.json",
        "hashed_secret": "e29cd176b59802c39ac94f6866971d2b53f26923",
        "is_verified": false,
        "line_number": 6
      },
      {
        "type": "Hex High Entropy String",
        "filename": "models\\manifests\\all-MiniLM-L6-v2.json",
        "hashed_secret": "76cb94008a639874ff55514a76ad1f5d879e3130",
        "is_verified": false,
        "line_number": 7
      },
      {
        "type": "Hex High Entropy String",
        "filename": "models\\manifests\\all-MiniLM-L6-v2.json",
        "hashed_secret": "bac3b692f8669597ec188fde7824006702bf9031",
        "is_verified": false,
        "line_number": 8
      },
      {
        "type": "Hex High Entropy String",
        "filename": "models\\manifests\\all-MiniLM-L6-v2.json",
        "hashed_secret": "4ebd7065cabc64fcb2b79fa74c1d7407a16209d4",
        "is_verified": false,
        "line_number": 9
      },
      {
        "type": "Hex High Entropy String",
        "filename": "models\\manifests\\all-MiniLM-L6-v2.json",
        "hashed_secret": "067bd9e06f494a9075caba51d03ac2d8e369d285",
        "is_verified": false,
        "line_number": 10
      },
      {
        "type": "Hex High Entropy String",
        "filename": "models\\manifests\\all-MiniLM-L6-v2.json",
        "hashed_secret": "05e2462e28123403b62beb70510911ccd859ccff",
        "is_verified": false,
        "line_number": 11
      }
    ],
    "models\\manifests\\cross-encoder-mmarco-minilm-l12-v1.json": [
      {
        "type": "Hex High Entropy String",
        "filename": "models\\manifests\\cross-encoder-mmarco-minilm-l12-v1.json",
        "hashed_secret": "e1facb1d07d7bea9b1a3fc74e8616a734ffb9510",
        "is_verified": false,
        "line_number": 3
      },
      {
        "type": "Hex High Entropy String",
        "filename": "models\\manifests\\cross-encoder-mmarco-minilm-l12-v1.json",
        "hashed_secret": "ecb28bd70fac0741a8ed0d92bec944e4e29f1469",
        "is_verified": false,
        "line_number": 5
      },
      {
        "type": "Hex High Entropy String",
        "filename": "models\\manifests\\cross-encoder-mmarco-minilm-l12-v1.json",
        "hashed_secret": "695c28415e6c27807f8835a319a6c5ba6b73368d",
        "is_verified": false,
        "line_number": 6
      },
      {
        "type": "Hex High Entropy String",
        "filename": "models\\manifests\\cross-encoder-mmarco-minilm-l12-v1.json",
        "hashed_secret": "1abe717e1e1bfbaf4416a58aeda5d55a9f2ae87b",
        "is_verified": false,
        "line_number": 7
      }
    ],
    "models\\manifests\\paraphrase-multilingual-MiniLM-L12-v2.json": [
      {
        "type": "Hex High Entropy String",
        "filename": "models\\manifests\\paraphrase-multilingual-MiniLM-L12-v2.json",
        "hashed_secret": "7fc9048d474550848935937d3bd03ed660b1baeb",
        "is_verified": false,
        "line_number": 3
      },
      {
        "type": "Hex High Entropy String",
        "filename": "models\\manifests\\paraphrase-multilingual-MiniLM-L12-v2.json",
        "hashed_secret": "ae078283129031d3e15e88f26a5840ce435c8d34",
        "is_verified": false,
        "line_number": 6
      },
      {
        "type": "Hex High Entropy String",
        "filename": "models\\manifests\\paraphrase-multilingual-MiniLM-L12-v2.json",
        "hashed_secret": "ff20f7bf3058a415ba2c9e12f167dcdbb35c9af2",
        "is_verified": false,
        "line_number": 7
      },
      {
        "type": "Hex High Entropy String",
        "filename": "models\\manifests\\paraphrase-multilingual-MiniLM-L12-v2.json",
        "hashed_secret": "99fcb7f06e9ef58de56c9599ad8376cbeab08b03",
        "is_verified": false,
        "line_number": 8
      },
      {
        "type": "Hex High Entropy String",
        "filename": "models\\manifests\\paraphrase-multilingual-MiniLM-L12-v2.json",
        "hashed_secret": "a3a9487c7df27e424bc552ffc6abc2fe0e1f497f",
        "is_verified": false,
        "line_number": 9
      },
      {
        "type": "Hex High Entropy String",
        "filename": "models\\manifests\\paraphrase-multilingual-MiniLM-L12-v2.json",
        "hashed_secret": "a50247301030c8c5a75ec38c87f8eb0a84b63917",
        "is_verified": false,
        "line_number": 10
      },
      {
        "type": "Hex High Entropy String",
        "filename": "models\\manifests\\paraphrase-multilingual-MiniLM-L12-v2.json",
        "hashed_secret": "695c28415e6c27807f8835a319a6c5ba6b73368d",
        "is_verified": false,
        "line_number": 11
      }
    ]
  },
  "generated_at": "2026-08-11T19:06:39Z"
}
